Archive member included to satisfy reference by file (symbol)

D:\Yaroslav\Light_control_house\Loconet_328p_Light_control_house\LoconetShield\ArduinoCore\Debug\libArduinoCore.a(HardwareSerial.o)
                              LoconetLib/commands.o (_ZN14HardwareSerial9availableEv)
D:\Yaroslav\Light_control_house\Loconet_328p_Light_control_house\LoconetShield\ArduinoCore\Debug\libArduinoCore.a(HardwareSerial0.o)
                              LoconetLib/commands.o (Serial)
D:\Yaroslav\Light_control_house\Loconet_328p_Light_control_house\LoconetShield\ArduinoCore\Debug\libArduinoCore.a(main.o)
                              C:/Program Files (x86)/Atmel/Studio/7.0/Packs/atmel/ATmega_DFP/1.6.364/gcc/dev/atmega328p/avr5/crtatmega328p.o (main)
D:\Yaroslav\Light_control_house\Loconet_328p_Light_control_house\LoconetShield\ArduinoCore\Debug\libArduinoCore.a(Print.o)
                              D:\Yaroslav\Light_control_house\Loconet_328p_Light_control_house\LoconetShield\ArduinoCore\Debug\libArduinoCore.a(HardwareSerial.o) (_ZN5Print5writeEPKhj)
D:\Yaroslav\Light_control_house\Loconet_328p_Light_control_house\LoconetShield\ArduinoCore\Debug\libArduinoCore.a(wiring.o)
                              LoconetLib/Adafruit_NeoPixel.o (micros)
D:\Yaroslav\Light_control_house\Loconet_328p_Light_control_house\LoconetShield\ArduinoCore\Debug\libArduinoCore.a(wiring_digital.o)
                              LoconetLib/Adafruit_NeoPixel.o (pinMode)
D:\Yaroslav\Light_control_house\Loconet_328p_Light_control_house\LoconetShield\ArduinoCore\Debug\libArduinoCore.a(abi.o)
                              D:\Yaroslav\Light_control_house\Loconet_328p_Light_control_house\LoconetShield\ArduinoCore\Debug\libArduinoCore.a(HardwareSerial0.o) (__cxa_pure_virtual)
D:\Yaroslav\Light_control_house\Loconet_328p_Light_control_house\LoconetShield\ArduinoCore\Debug\libArduinoCore.a(hooks.o)
                              D:\Yaroslav\Light_control_house\Loconet_328p_Light_control_house\LoconetShield\ArduinoCore\Debug\libArduinoCore.a(wiring.o) (yield)
c:/program files (x86)/atmel/studio/7.0/toolchain/avr8/avr8-gnu-toolchain/bin/../lib/gcc/avr/5.4.0/../../../../avr/lib/avr5\libm.a(addsf3.o)
                              D:\Yaroslav\Light_control_house\Loconet_328p_Light_control_house\LoconetShield\ArduinoCore\Debug\libArduinoCore.a(Print.o) (__subsf3)
c:/program files (x86)/atmel/studio/7.0/toolchain/avr8/avr8-gnu-toolchain/bin/../lib/gcc/avr/5.4.0/../../../../avr/lib/avr5\libm.a(addsf3x.o)
                              c:/program files (x86)/atmel/studio/7.0/toolchain/avr8/avr8-gnu-toolchain/bin/../lib/gcc/avr/5.4.0/../../../../avr/lib/avr5\libm.a(addsf3.o) (__addsf3x)
c:/program files (x86)/atmel/studio/7.0/toolchain/avr8/avr8-gnu-toolchain/bin/../lib/gcc/avr/5.4.0/../../../../avr/lib/avr5\libm.a(cmpsf2.o)
                              D:\Yaroslav\Light_control_house\Loconet_328p_Light_control_house\LoconetShield\ArduinoCore\Debug\libArduinoCore.a(Print.o) (__ltsf2)
c:/program files (x86)/atmel/studio/7.0/toolchain/avr8/avr8-gnu-toolchain/bin/../lib/gcc/avr/5.4.0/../../../../avr/lib/avr5\libm.a(divsf3.o)
                              D:\Yaroslav\Light_control_house\Loconet_328p_Light_control_house\LoconetShield\ArduinoCore\Debug\libArduinoCore.a(Print.o) (__divsf3)
c:/program files (x86)/atmel/studio/7.0/toolchain/avr8/avr8-gnu-toolchain/bin/../lib/gcc/avr/5.4.0/../../../../avr/lib/avr5\libm.a(divsf3x.o)
                              c:/program files (x86)/atmel/studio/7.0/toolchain/avr8/avr8-gnu-toolchain/bin/../lib/gcc/avr/5.4.0/../../../../avr/lib/avr5\libm.a(divsf3.o) (__divsf3x)
c:/program files (x86)/atmel/studio/7.0/toolchain/avr8/avr8-gnu-toolchain/bin/../lib/gcc/avr/5.4.0/../../../../avr/lib/avr5\libm.a(fixunssfsi.o)
                              D:\Yaroslav\Light_control_house\Loconet_328p_Light_control_house\LoconetShield\ArduinoCore\Debug\libArduinoCore.a(Print.o) (__fixunssfsi)
c:/program files (x86)/atmel/studio/7.0/toolchain/avr8/avr8-gnu-toolchain/bin/../lib/gcc/avr/5.4.0/../../../../avr/lib/avr5\libm.a(floatsisf.o)
                              D:\Yaroslav\Light_control_house\Loconet_328p_Light_control_house\LoconetShield\ArduinoCore\Debug\libArduinoCore.a(Print.o) (__floatunsisf)
c:/program files (x86)/atmel/studio/7.0/toolchain/avr8/avr8-gnu-toolchain/bin/../lib/gcc/avr/5.4.0/../../../../avr/lib/avr5\libm.a(fp_cmp.o)
                              c:/program files (x86)/atmel/studio/7.0/toolchain/avr8/avr8-gnu-toolchain/bin/../lib/gcc/avr/5.4.0/../../../../avr/lib/avr5\libm.a(cmpsf2.o) (__fp_cmp)
c:/program files (x86)/atmel/studio/7.0/toolchain/avr8/avr8-gnu-toolchain/bin/../lib/gcc/avr/5.4.0/../../../../avr/lib/avr5\libm.a(fp_inf.o)
                              c:/program files (x86)/atmel/studio/7.0/toolchain/avr8/avr8-gnu-toolchain/bin/../lib/gcc/avr/5.4.0/../../../../avr/lib/avr5\libm.a(addsf3x.o) (__fp_inf)
[...]
Memory Configuration

Name             Origin             Length             Attributes
text             0x00000000         0x00008000         xr
data             0x00800100         0x00000800         rw !x
eeprom           0x00810000         0x00000400         rw !x
fuse             0x00820000         0x00000003         rw !x
lock             0x00830000         0x00000400         rw !x
signature        0x00840000         0x00000400         rw !x
user_signatures  0x00850000         0x00000400         rw !x
*default*        0x00000000         0xffffffff

Linker script and memory map

Address of section .data set to 0x800100
LOAD C:/Program Files (x86)/Atmel/Studio/7.0/Packs/atmel/ATmega_DFP/1.6.364/gcc/dev/atmega328p/avr5/crtatmega328p.o
LOAD LoconetLib/Adafruit_NeoPixel.o
LOAD LoconetLib/commands.o
LOAD LoconetLib/eeprom.o
LOAD LoconetLib/Logic.o
LOAD LoconetLib/Timer.o
LOAD Sketch.o
START GROUP
LOAD c:/program files (x86)/atmel/studio/7.0/toolchain/avr8/avr8-gnu-toolchain/bin/../lib/gcc/avr/5.4.0/../../../../avr/lib/avr5\libm.a
LOAD D:\Yaroslav\Light_control_house\Loconet_328p_Light_control_house\LoconetShield\ArduinoCore\Debug\libArduinoCore.a
END GROUP
LOAD c:/program files (x86)/atmel/studio/7.0/toolchain/avr8/avr8-gnu-toolchain/bin/../lib/gcc/avr/5.4.0/avr5\libgcc.a
LOAD c:/program files (x86)/atmel/studio/7.0/toolchain/avr8/avr8-gnu-toolchain/bin/../lib/gcc/avr/5.4.0/../../../../avr/lib/avr5\libm.a
START GROUP
LOAD c:/program files (x86)/atmel/studio/7.0/toolchain/avr8/avr8-gnu-toolchain/bin/../lib/gcc/avr/5.4.0/avr5\libgcc.a
LOAD c:/program files (x86)/atmel/studio/7.0/toolchain/avr8/avr8-gnu-toolchain/bin/../lib/gcc/avr/5.4.0/../../../../avr/lib/avr5\libm.a
LOAD c:/program files (x86)/atmel/studio/7.0/toolchain/avr8/avr8-gnu-toolchain/bin/../lib/gcc/avr/5.4.0/../../../../avr/lib/avr5\libc.a
LOAD C:/Program Files (x86)/Atmel/Studio/7.0/Packs/atmel/ATmega_DFP/1.6.364/gcc/dev/atmega328p/avr5\libatmega328p.a
END GROUP
                0x00000000                __TEXT_REGION_ORIGIN__ = DEFINED (__TEXT_REGION_ORIGIN__)?__TEXT_REGION_ORIGIN__:0x0
                [0x00800100]                __DATA_REGION_ORIGIN__ = DEFINED (__DATA_REGION_ORIGIN__)?__DATA_REGION_ORIGIN__:0x800060
                [0x00008000]                __TEXT_REGION_LENGTH__ = DEFINED (__TEXT_REGION_LENGTH__)?__TEXT_REGION_LENGTH__:0x20000
                [0x00000800]                __DATA_REGION_LENGTH__ = DEFINED (__DATA_REGION_LENGTH__)?__DATA_REGION_LENGTH__:0xffa0
                [0x00000400]                __EEPROM_REGION_LENGTH__ = DEFINED (__EEPROM_REGION_LENGTH__)?__EEPROM_REGION_LENGTH__:0x10000
                [0x00000003]                __FUSE_REGION_LENGTH__ = DEFINED (__FUSE_REGION_LENGTH__)?__FUSE_REGION_LENGTH__:0x400
                0x00000400                __LOCK_REGION_LENGTH__ = DEFINED (__LOCK_REGION_LENGTH__)?__LOCK_REGION_LENGTH__:0x400
                0x00000400                __SIGNATURE_REGION_LENGTH__ = DEFINED (__SIGNATURE_REGION_LENGTH__)?__SIGNATURE_REGION_LENGTH__:0x400
                0x00000400                __USER_SIGNATURE_REGION_LENGTH__ = DEFINED (__USER_SIGNATURE_REGION_LENGTH__)?__USER_SIGNATURE_REGION_LENGTH__:0x400

.hash
 *(.hash)

.dynsym
 *(.dynsym)

.dynstr
 *(.dynstr)

.gnu.version
 *(.gnu.version)

.gnu.version_d
 *(.gnu.version_d)

.gnu.version_r
 *(.gnu.version_r)

.rel.init
 *(.rel.init)

.rela.init
 *(.rela.init)

.rel.text
 *(.rel.text)
 *(.rel.text.*)
 *(.rel.gnu.linkonce.t*)

.rela.text
 *(.rela.text)
 *(.rela.text.*)
 *(.rela.gnu.linkonce.t*)

.rel.fini
 *(.rel.fini)

.rela.fini
 *(.rela.fini)

.rel.rodata
 *(.rel.rodata)
 *(.rel.rodata.*)
 *(.rel.gnu.linkonce.r*)

.rela.rodata
 *(.rela.rodata)
 *(.rela.rodata.*)
 *(.rela.gnu.linkonce.r*)

.rel.data
 *(.rel.data)
 *(.rel.data.*)
 *(.rel.gnu.linkonce.d*)

.rela.data
 *(.rela.data)
 *(.rela.data.*)
 *(.rela.gnu.linkonce.d*)

.rel.ctors
 *(.rel.ctors)

.rela.ctors
 *(.rela.ctors)

.rel.dtors
 *(.rel.dtors)

.rela.dtors
 *(.rela.dtors)

.rel.got
 *(.rel.got)

.rela.got
 *(.rela.got)

.rel.bss
 *(.rel.bss)

.rela.bss
 *(.rela.bss)

.rel.plt
 *(.rel.plt)

.rela.plt
 *(.rela.plt)

.text           0x00000000     0x20f4
 *(.vectors)
 .vectors       0x00000000       0x68 C:/Program Files (x86)/Atmel/Studio/7.0/Packs/atmel/ATmega_DFP/1.6.364/gcc/dev/atmega328p/avr5/crtatmega328p.o
                0x00000000                __vector_default
                0x00000000                __vectors
 *(.vectors)
 *(.progmem.gcc*)
                0x00000068                . = ALIGN (0x2)
                0x00000068                __trampolines_start = .
 *(.trampolines)
 .trampolines   0x00000068        0x0 linker stubs
 *(.trampolines*)
                0x00000068                __trampolines_end = .
 *libprintf_flt.a:*(.progmem.data)
 *libc.a:*(.progmem.data)
 *(.progmem*)
 .progmem.data.digital_pin_to_timer_PGM
                0x00000068       0x14 D:\Yaroslav\Light_control_house\Loconet_328p_Light_control_house\LoconetShield\ArduinoCore\Debug\libArduinoCore.a(wiring_digital.o)
                0x00000068                digital_pin_to_timer_PGM
 .progmem.data.digital_pin_to_bit_mask_PGM
                0x0000007c       0x14 D:\Yaroslav\Light_control_house\Loconet_328p_Light_control_house\LoconetShield\ArduinoCore\Debug\libArduinoCore.a(wiring_digital.o)
                0x0000007c                digital_pin_to_bit_mask_PGM
 .progmem.data.digital_pin_to_port_PGM
                0x00000090       0x14 D:\Yaroslav\Light_control_house\Loconet_328p_Light_control_house\LoconetShield\ArduinoCore\Debug\libArduinoCore.a(wiring_digital.o)
                0x00000090                digital_pin_to_port_PGM
 .progmem.data.port_to_output_PGM
                0x000000a4        0xa D:\Yaroslav\Light_control_house\Loconet_328p_Light_control_house\LoconetShield\ArduinoCore\Debug\libArduinoCore.a(wiring_digital.o)
                0x000000a4                port_to_output_PGM
 .progmem.data.port_to_mode_PGM
                0x000000ae        0xa D:\Yaroslav\Light_control_house\Loconet_328p_Light_control_house\LoconetShield\ArduinoCore\Debug\libArduinoCore.a(wiring_digital.o)
                0x000000ae                port_to_mode_PGM
                0x000000b8                . = ALIGN (0x2)
 *(.jumptables)
 *(.jumptables*)
 *(.lowtext)
 *(.lowtext*)
                0x000000b8                __ctors_start = .
 *(.ctors)
 .ctors         0x000000b8        0x2 Sketch.o
 .ctors         0x000000ba        0x2 D:\Yaroslav\Light_control_house\Loconet_328p_Light_control_house\LoconetShield\ArduinoCore\Debug\libArduinoCore.a(HardwareSerial0.o)
                0x000000bc                __ctors_end = .
                0x000000bc                __dtors_start = .
 *(.dtors)
 .dtors         0x000000bc        0x2 Sketch.o
                0x000000be                __dtors_end = .
 SORT(*)(.ctors)
 SORT(*)(.dtors)
 *(.init0)
 .init0         0x000000be        0x0 C:/Program Files (x86)/Atmel/Studio/7.0/Packs/atmel/ATmega_DFP/1.6.364/gcc/dev/atmega328p/avr5/crtatmega328p.o
                0x000000be                __init
 *(.init0)
 *(.init1)
 *(.init1)
 *(.init2)
 .init2         0x000000be        0xc C:/Program Files (x86)/Atmel/Studio/7.0/Packs/atmel/ATmega_DFP/1.6.364/gcc/dev/atmega328p/avr5/crtatmega328p.o
 *(.init2)
 *(.init3)
 *(.init3)
 *(.init4)
 .init4         0x000000ca       0x16 c:/program files (x86)/atmel/studio/7.0/toolchain/avr8/avr8-gnu-toolchain/bin/../lib/gcc/avr/5.4.0/avr5\libgcc.a(_copy_data.o)
                0x000000ca                __do_copy_data
 .init4         0x000000e0       0x10 c:/program files (x86)/atmel/studio/7.0/toolchain/avr8/avr8-gnu-toolchain/bin/../lib/gcc/avr/5.4.0/avr5\libgcc.a(_clear_bss.o)
                0x000000e0                __do_clear_bss
 *(.init4)
 *(.init5)
 *(.init5)
 *(.init6)
 .init6         0x000000f0       0x16 c:/program files (x86)/atmel/studio/7.0/toolchain/avr8/avr8-gnu-toolchain/bin/../lib/gcc/avr/5.4.0/avr5\libgcc.a(_ctors.o)
                0x000000f0                __do_global_ctors
 *(.init6)
 *(.init7)
 *(.init7)
 *(.init8)
 *(.init8)
 *(.init9)
 .init9         0x00000106        0x8 C:/Program Files (x86)/Atmel/Studio/7.0/Packs/atmel/ATmega_DFP/1.6.364/gcc/dev/atmega328p/avr5/crtatmega328p.o
 *(.init9)
 *(.text)
 .text          0x0000010e        0x4 C:/Program Files (x86)/Atmel/Studio/7.0/Packs/atmel/ATmega_DFP/1.6.364/gcc/dev/atmega328p/avr5/crtatmega328p.o
                0x0000010e                __vector_22
                0x0000010e                __vector_1
                0x0000010e                __vector_24
                0x0000010e                __vector_12
                0x0000010e                __bad_interrupt
                0x0000010e                __vector_6
                0x0000010e                __vector_3
                0x0000010e                __vector_23
                0x0000010e                __vector_25
                0x0000010e                __vector_11
                0x0000010e                __vector_13
                0x0000010e                __vector_17
                0x0000010e                __vector_7
                0x0000010e                __vector_5
                0x0000010e                __vector_4
                0x0000010e                __vector_2
                0x0000010e                __vector_21
                0x0000010e                __vector_15
                0x0000010e                __vector_8
                0x0000010e                __vector_14
                0x0000010e                __vector_10
                0x0000010e                __vector_20
                0x00000112                . = ALIGN (0x2)
 *(.text.*)
 .text._ZN17Adafruit_NeoPixelD2Ev
                0x00000112       0x24 LoconetLib/Adafruit_NeoPixel.o
                0x00000112                _ZN17Adafruit_NeoPixelD2Ev
                0x00000112                _ZN17Adafruit_NeoPixelD1Ev
 .text._ZN17Adafruit_NeoPixel5beginEv
                0x00000136       0x24 LoconetLib/Adafruit_NeoPixel.o
                0x00000136                _ZN17Adafruit_NeoPixel5beginEv
 .text._ZN17Adafruit_NeoPixel12updateLengthEj
                0x0000015a       0x74 LoconetLib/Adafruit_NeoPixel.o
                0x0000015a                _ZN17Adafruit_NeoPixel12updateLengthEj
 .text._ZN17Adafruit_NeoPixel10updateTypeEh
                0x000001ce       0x64 LoconetLib/Adafruit_NeoPixel.o
                0x000001ce                _ZN17Adafruit_NeoPixel10updateTypeEh
 .text._ZN17Adafruit_NeoPixel4showEv
                0x00000232      0x196 LoconetLib/Adafruit_NeoPixel.o
                0x00000232                _ZN17Adafruit_NeoPixel4showEv
 .text._ZN17Adafruit_NeoPixel6setPinEh
                0x000003c8       0x64 LoconetLib/Adafruit_NeoPixel.o
                0x000003c8                _ZN17Adafruit_NeoPixel6setPinEh
 .text._ZN17Adafruit_NeoPixelC2Ejhh
                0x0000042c       0x42 LoconetLib/Adafruit_NeoPixel.o
                0x0000042c                _ZN17Adafruit_NeoPixelC2Ejhh
                0x0000042c                _ZN17Adafruit_NeoPixelC1Ejhh
 .text._ZN17Adafruit_NeoPixel13setPixelColorEjm
                0x0000046e       0xf2 LoconetLib/Adafruit_NeoPixel.o
                0x0000046e                _ZN17Adafruit_NeoPixel13setPixelColorEjm
 .text._ZN17Adafruit_NeoPixel5ColorEhhh
                0x00000560       0x34 LoconetLib/Adafruit_NeoPixel.o
                0x00000560                _ZN17Adafruit_NeoPixel5ColorEhhh
 .text._ZL5pow10h
                0x00000594       0x34 LoconetLib/commands.o
 .text._ZL11read_numberv
                0x000005c8       0x8e LoconetLib/commands.o
 .text._ZL10check_namePc
                0x00000656       0x8e LoconetLib/commands.o
 .text._ZL15comm_logic_namev
                0x000006e4      0x4f6 LoconetLib/commands.o
 .text._Z15comm_clean_buffv
                0x00000bda       0x1e LoconetLib/commands.o
                0x00000bda                _Z15comm_clean_buffv
 .text._Z9comm_readv
                0x00000bf8       0xa2 LoconetLib/commands.o
                0x00000bf8                _Z9comm_readv
 .text._Z9r_mem_LEDjh
                0x00000c9a       0x44 LoconetLib/eeprom.o
                0x00000c9a                _Z9r_mem_LEDjh
 .text._Z9w_mem_LEDjhhh
                0x00000cde       0x3a LoconetLib/eeprom.o
                0x00000cde                _Z9w_mem_LEDjhhh
 .text._Z12change_colorjhhh
                0x00000d18        0xc LoconetLib/Logic.o
                0x00000d18                _Z12change_colorjhhh
 .text._Z7LED_offj
                0x00000d24       0xf8 LoconetLib/Logic.o
                0x00000d24                _Z7LED_offj
 .text._Z14read_LED_colorjh
                0x00000e1c       0x22 LoconetLib/Logic.o
                0x00000e1c                _Z14read_LED_colorjh
 .text._Z6LED_onj
                0x00000e3e      0x11a LoconetLib/Logic.o
                0x00000e3e                _Z6LED_onj
 .text._Z14r_mem_LEDs_allv
                0x00000f58       0x98 LoconetLib/Logic.o
                0x00000f58                _Z14r_mem_LEDs_allv
 .text._Z16logic_mode_nighthhh
                0x00000ff0       0xfa LoconetLib/Logic.o
                0x00000ff0                _Z16logic_mode_nighthhh
 .text._Z10logic_modev
                0x000010ea       0xe6 LoconetLib/Logic.o
                0x000010ea                _Z10logic_modev
 .text._Z10Timer_initv
                0x000011d0       0x18 LoconetLib/Timer.o
                0x000011d0                _Z10Timer_initv
 .text.__vector_9
                0x000011e8       0x56 LoconetLib/Timer.o
                0x000011e8                __vector_9
 .text._Z41__static_initialization_and_destruction_0ii
                0x0000123e       0x42 Sketch.o
 .text.setup    0x00001280       0x7a Sketch.o
                0x00001280                setup
 .text.loop     0x000012fa       0x2a Sketch.o
                0x000012fa                loop
 .text._GLOBAL__sub_I_timer_syst
                0x00001324        0xe Sketch.o
 .text._GLOBAL__sub_D_timer_syst
                0x00001332        0xe Sketch.o
 .text._ZN14HardwareSerial9availableEv
                0x00001340       0x1a D:\Yaroslav\Light_control_house\Loconet_328p_Light_control_house\LoconetShield\ArduinoCore\Debug\libArduinoCore.a(HardwareSerial.o)
                0x00001340                _ZN14HardwareSerial9availableEv
 .text._ZN14HardwareSerial4peekEv
                0x0000135a       0x1c D:\Yaroslav\Light_control_house\Loconet_328p_Light_control_house\LoconetShield\ArduinoCore\Debug\libArduinoCore.a(HardwareSerial.o)
                0x0000135a                _ZN14HardwareSerial4peekEv
 .text._ZN14HardwareSerial4readEv
                0x00001376       0x28 D:\Yaroslav\Light_control_house\Loconet_328p_Light_control_house\LoconetShield\ArduinoCore\Debug\libArduinoCore.a(HardwareSerial.o)
                0x00001376                _ZN14HardwareSerial4readEv
 .text._ZN14HardwareSerial17availableForWriteEv
                0x0000139e       0x24 D:\Yaroslav\Light_control_house\Loconet_328p_Light_control_house\LoconetShield\ArduinoCore\Debug\libArduinoCore.a(HardwareSerial.o)
                0x0000139e                _ZN14HardwareSerial17availableForWriteEv
 .text._Z14serialEventRunv
                0x000013c2       0x24 D:\Yaroslav\Light_control_house\Loconet_328p_Light_control_house\LoconetShield\ArduinoCore\Debug\libArduinoCore.a(HardwareSerial.o)
                0x000013c2                _Z14serialEventRunv
 .text._ZN14HardwareSerial17_tx_udr_empty_irqEv
                0x000013e6       0x56 D:\Yaroslav\Light_control_house\Loconet_328p_Light_control_house\LoconetShield\ArduinoCore\Debug\libArduinoCore.a(HardwareSerial.o)
                0x000013e6                _ZN14HardwareSerial17_tx_udr_empty_irqEv
 .text._ZN14HardwareSerial5flushEv
                0x0000143c       0x60 D:\Yaroslav\Light_control_house\Loconet_328p_Light_control_house\LoconetShield\ArduinoCore\Debug\libArduinoCore.a(HardwareSerial.o)
                0x0000143c                _ZN14HardwareSerial5flushEv
 .text._ZN14HardwareSerial5writeEh
                0x0000149c       0xc8 D:\Yaroslav\Light_control_house\Loconet_328p_Light_control_house\LoconetShield\ArduinoCore\Debug\libArduinoCore.a(HardwareSerial.o)
                0x0000149c                _ZN14HardwareSerial5writeEh
 .text._ZN14HardwareSerial5beginEmh
                0x00001564       0xc0 D:\Yaroslav\Light_control_house\Loconet_328p_Light_control_house\LoconetShield\ArduinoCore\Debug\libArduinoCore.a(HardwareSerial.o)
                0x00001564                _ZN14HardwareSerial5beginEmh
 .text._Z41__static_initialization_and_destruction_0ii
                0x00001624       0x64 D:\Yaroslav\Light_control_house\Loconet_328p_Light_control_house\LoconetShield\ArduinoCore\Debug\libArduinoCore.a(HardwareSerial0.o)
 .text.__vector_18
                0x00001688       0x70 D:\Yaroslav\Light_control_house\Loconet_328p_Light_control_house\LoconetShield\ArduinoCore\Debug\libArduinoCore.a(HardwareSerial0.o)
                0x00001688                __vector_18
 .text.__vector_19
                0x000016f8       0x4c D:\Yaroslav\Light_control_house\Loconet_328p_Light_control_house\LoconetShield\ArduinoCore\Debug\libArduinoCore.a(HardwareSerial0.o)
                0x000016f8                __vector_19
 .text._Z17Serial0_availablev
                0x00001744       0x14 D:\Yaroslav\Light_control_house\Loconet_328p_Light_control_house\LoconetShield\ArduinoCore\Debug\libArduinoCore.a(HardwareSerial0.o)
                0x00001744                _Z17Serial0_availablev
 .text._GLOBAL__sub_I___vector_18
                0x00001758        0xe D:\Yaroslav\Light_control_house\Loconet_328p_Light_control_house\LoconetShield\ArduinoCore\Debug\libArduinoCore.a(HardwareSerial0.o)
 .text.initVariant
                0x00001766        0x2 D:\Yaroslav\Light_control_house\Loconet_328p_Light_control_house\LoconetShield\ArduinoCore\Debug\libArduinoCore.a(main.o)
                0x00001766                initVariant
 .text.main     0x00001768       0x1e D:\Yaroslav\Light_control_house\Loconet_328p_Light_control_house\LoconetShield\ArduinoCore\Debug\libArduinoCore.a(main.o)
                0x00001768                main
 .text._ZN5Print5writeEPKhj
                0x00001786       0x60 D:\Yaroslav\Light_control_house\Loconet_328p_Light_control_house\LoconetShield\ArduinoCore\Debug\libArduinoCore.a(Print.o)
                0x00001786                _ZN5Print5writeEPKhj
 .text._ZN5Print5printEPKc
                0x000017e6       0x2c D:\Yaroslav\Light_control_house\Loconet_328p_Light_control_house\LoconetShield\ArduinoCore\Debug\libArduinoCore.a(Print.o)
                0x000017e6                _ZN5Print5printEPKc
 .text._ZN5Print5printEc
                0x00001812       0x10 D:\Yaroslav\Light_control_house\Loconet_328p_Light_control_house\LoconetShield\ArduinoCore\Debug\libArduinoCore.a(Print.o)
                0x00001812                _ZN5Print5printEc
 .text._ZN5Print7printlnEv
                0x00001822       0x18 D:\Yaroslav\Light_control_house\Loconet_328p_Light_control_house\LoconetShield\ArduinoCore\Debug\libArduinoCore.a(Print.o)
                0x00001822                _ZN5Print7printlnEv
 .text._ZN5Print7printlnEPKc
                0x0000183a       0x24 D:\Yaroslav\Light_control_house\Loconet_328p_Light_control_house\LoconetShield\ArduinoCore\Debug\libArduinoCore.a(Print.o)
                0x0000183a                _ZN5Print7printlnEPKc
 .text._ZN5Print11printNumberEmh
                0x0000185e       0xcc D:\Yaroslav\Light_control_house\Loconet_328p_Light_control_house\LoconetShield\ArduinoCore\Debug\libArduinoCore.a(Print.o)
                0x0000185e                _ZN5Print11printNumberEmh
 .text._ZN5Print5printEli
                0x0000192a       0x78 D:\Yaroslav\Light_control_house\Loconet_328p_Light_control_house\LoconetShield\ArduinoCore\Debug\libArduinoCore.a(Print.o)
                0x0000192a                _ZN5Print5printEli
 .text._ZN5Print5printEii
                0x000019a2       0x10 D:\Yaroslav\Light_control_house\Loconet_328p_Light_control_house\LoconetShield\ArduinoCore\Debug\libArduinoCore.a(Print.o)
                0x000019a2                _ZN5Print5printEii
 .text._ZN5Print5printEmi
                0x000019b2       0x1e D:\Yaroslav\Light_control_house\Loconet_328p_Light_control_house\LoconetShield\ArduinoCore\Debug\libArduinoCore.a(Print.o)
                0x000019b2                _ZN5Print5printEmi
 .text._ZN5Print5printEji
                0x000019d0        0xe D:\Yaroslav\Light_control_house\Loconet_328p_Light_control_house\LoconetShield\ArduinoCore\Debug\libArduinoCore.a(Print.o)
                0x000019d0                _ZN5Print5printEji
 .text.__vector_16
                0x000019de       0x96 D:\Yaroslav\Light_control_house\Loconet_328p_Light_control_house\LoconetShield\ArduinoCore\Debug\libArduinoCore.a(wiring.o)
                0x000019de                __vector_16
 .text.micros   0x00001a74       0x5c D:\Yaroslav\Light_control_house\Loconet_328p_Light_control_house\LoconetShield\ArduinoCore\Debug\libArduinoCore.a(wiring.o)
                0x00001a74                micros
 .text.init     0x00001ad0       0x76 D:\Yaroslav\Light_control_house\Loconet_328p_Light_control_house\LoconetShield\ArduinoCore\Debug\libArduinoCore.a(wiring.o)
                0x00001ad0                init
 .text.turnOffPWM
                0x00001b46       0x5e D:\Yaroslav\Light_control_house\Loconet_328p_Light_control_house\LoconetShield\ArduinoCore\Debug\libArduinoCore.a(wiring_digital.o)
 .text.pinMode  0x00001ba4       0x7e D:\Yaroslav\Light_control_house\Loconet_328p_Light_control_house\LoconetShield\ArduinoCore\Debug\libArduinoCore.a(wiring_digital.o)
                0x00001ba4                pinMode
 .text.digitalWrite
                0x00001c22       0x62 D:\Yaroslav\Light_control_house\Loconet_328p_Light_control_house\LoconetShield\ArduinoCore\Debug\libArduinoCore.a(wiring_digital.o)
                0x00001c22                digitalWrite
 .text.libgcc.div
                0x00001c84       0x28 c:/program files (x86)/atmel/studio/7.0/toolchain/avr8/avr8-gnu-toolchain/bin/../lib/gcc/avr/5.4.0/avr5\libgcc.a(_udivmodhi4.o)
                0x00001c84                __udivmodhi4
 .text.libgcc.div
                0x00001cac       0x28 c:/program files (x86)/atmel/studio/7.0/toolchain/avr8/avr8-gnu-toolchain/bin/../lib/gcc/avr/5.4.0/avr5\libgcc.a(_divmodhi4.o)
                0x00001cac                _div
                0x00001cac                __divmodhi4
 .text.libgcc.div
                0x00001cd4       0x44 c:/program files (x86)/atmel/studio/7.0/toolchain/avr8/avr8-gnu-toolchain/bin/../lib/gcc/avr/5.4.0/avr5\libgcc.a(_udivmodsi4.o)
                0x00001cd4                __udivmodsi4
 .text.libgcc.div
                0x00001d18       0x2e c:/program files (x86)/atmel/studio/7.0/toolchain/avr8/avr8-gnu-toolchain/bin/../lib/gcc/avr/5.4.0/avr5\libgcc.a(_divmodsi4.o)
                0x00001d18                __divmodsi4
 .text.libgcc.div
                0x00001d46       0x10 c:/program files (x86)/atmel/studio/7.0/toolchain/avr8/avr8-gnu-toolchain/bin/../lib/gcc/avr/5.4.0/avr5\libgcc.a(_negsi2.o)
                0x00001d46                __negsi2
 .text.libgcc.mul
                0x00001d56       0x1e c:/program files (x86)/atmel/studio/7.0/toolchain/avr8/avr8-gnu-toolchain/bin/../lib/gcc/avr/5.4.0/avr5\libgcc.a(_umulhisi3.o)
                0x00001d56                __umulhisi3
 .text.libgcc   0x00001d74        0xc c:/program files (x86)/atmel/studio/7.0/toolchain/avr8/avr8-gnu-toolchain/bin/../lib/gcc/avr/5.4.0/avr5\libgcc.a(_tablejump2.o)
                0x00001d74                __tablejump2__
 .text.avr-libc
                0x00001d80      0x242 c:/program files (x86)/atmel/studio/7.0/toolchain/avr8/avr8-gnu-toolchain/bin/../lib/gcc/avr/5.4.0/../../../../avr/lib/avr5\libc.a(malloc.o)
                0x00001d80                malloc
                0x00001eb0                free
 .text.avr-libc
                0x00001fc2       0xb8 c:/program files (x86)/atmel/studio/7.0/toolchain/avr8/avr8-gnu-toolchain/bin/../lib/gcc/avr/5.4.0/../../../../avr/lib/avr5\libc.a(rand.o)
                0x00002054                rand_r
                0x0000205a                rand
                0x00002064                srand
 .text.avr-libc
                0x0000207a        0xe c:/program files (x86)/atmel/studio/7.0/toolchain/avr8/avr8-gnu-toolchain/bin/../lib/gcc/avr/5.4.0/../../../../avr/lib/avr5\libc.a(memset.o)
                0x0000207a                memset
 .text.avr-libc
                0x00002088       0x10 C:/Program Files (x86)/Atmel/Studio/7.0/Packs/atmel/ATmega_DFP/1.6.364/gcc/dev/atmega328p/avr5\libatmega328p.a(eerd_byte.o)
                0x00002088                eeprom_read_byte
 .text.avr-libc
                0x00002098       0x1c C:/Program Files (x86)/Atmel/Studio/7.0/Packs/atmel/ATmega_DFP/1.6.364/gcc/dev/atmega328p/avr5\libatmega328p.a(eewr_byte.o)
                0x00002098                eeprom_write_byte
                0x0000209a                eeprom_write_r18
 .text.libgcc.mul
                0x000020b4       0x16 c:/program files (x86)/atmel/studio/7.0/toolchain/avr8/avr8-gnu-toolchain/bin/../lib/gcc/avr/5.4.0/avr5\libgcc.a(_muluhisi3.o)
                0x000020b4                __muluhisi3
 .text.libgcc.mul
                0x000020ca       0x10 c:/program files (x86)/atmel/studio/7.0/toolchain/avr8/avr8-gnu-toolchain/bin/../lib/gcc/avr/5.4.0/avr5\libgcc.a(_mulshisi3.o)
                0x000020ca                __mulshisi3
                0x000020d0                __mulohisi3
                0x000020da                . = ALIGN (0x2)
 *(.fini9)
 .fini9         0x000020da        0x0 c:/program files (x86)/atmel/studio/7.0/toolchain/avr8/avr8-gnu-toolchain/bin/../lib/gcc/avr/5.4.0/avr5\libgcc.a(_exit.o)
                0x000020da                _exit
                0x000020da                exit
 *(.fini9)
 *(.fini8)
 *(.fini8)
 *(.fini7)
 *(.fini7)
 *(.fini6)
 .fini6         0x000020da       0x16 c:/program files (x86)/atmel/studio/7.0/toolchain/avr8/avr8-gnu-toolchain/bin/../lib/gcc/avr/5.4.0/avr5\libgcc.a(_dtors.o)
                0x000020da                __do_global_dtors
 *(.fini6)
 *(.fini5)
 *(.fini5)
 *(.fini4)
 *(.fini4)
 *(.fini3)
 *(.fini3)
 *(.fini2)
 *(.fini2)
 *(.fini1)
 *(.fini1)
 *(.fini0)
 .fini0         0x000020f0        0x4 c:/program files (x86)/atmel/studio/7.0/toolchain/avr8/avr8-gnu-toolchain/bin/../lib/gcc/avr/5.4.0/avr5\libgcc.a(_exit.o)
 *(.fini0)
                0x000020f4                _etext = .

.data           0x00800100      0x142 load address 0x000020f4
                0x00800100                PROVIDE (__data_start, .)
 *(.data)
 .data          0x00800100        0x6 c:/program files (x86)/atmel/studio/7.0/toolchain/avr8/avr8-gnu-toolchain/bin/../lib/gcc/avr/5.4.0/../../../../avr/lib/avr5\libc.a(malloc.o)
                0x00800100                __malloc_heap_end
                0x00800102                __malloc_heap_start
                0x00800104                __malloc_margin
 .data          0x00800106        0x4 c:/program files (x86)/atmel/studio/7.0/toolchain/avr8/avr8-gnu-toolchain/bin/../lib/gcc/avr/5.4.0/../../../../avr/lib/avr5\libc.a(rand.o)
 *(.data*)
 .data.param_night_main_limit_h
                0x0080010a        0x2 LoconetLib/Logic.o
                0x0080010a                param_night_main_limit_h
 .data.param_night_main_limit_l
                0x0080010c        0x2 LoconetLib/Logic.o
                0x0080010c                param_night_main_limit_l
 .data.param_night_on_limit_h
                0x0080010e        0x2 LoconetLib/Logic.o
                0x0080010e                param_night_on_limit_h
 *(.gnu.linkonce.d*)
 *(.rodata)
 *(.rodata*)
 .rodata.str1.1
                0x00800110       0xd3 LoconetLib/commands.o
                                 0xf3 (size before relaxing)
 .rodata.str1.1
                0x008001e3       0x16 LoconetLib/Logic.o
 .rodata.str1.1
                0x008001f9       0x27 Sketch.o
 .rodata._ZTV14HardwareSerial
                0x00800220       0x12 D:\Yaroslav\Light_control_house\Loconet_328p_Light_control_house\LoconetShield\ArduinoCore\Debug\libArduinoCore.a(HardwareSerial.o)
                0x00800220                _ZTV14HardwareSerial
 .rodata.str1.1
                0x00800232        0xf D:\Yaroslav\Light_control_house\Loconet_328p_Light_control_house\LoconetShield\ArduinoCore\Debug\libArduinoCore.a(Print.o)
 *(.gnu.linkonce.r*)
                0x00800242                . = ALIGN (0x2)
 *fill*         0x00800241        0x1 
                0x00800242                _edata = .
                0x00800242                PROVIDE (__data_end, .)

.bss            0x00800242      0x138
                0x00800242                PROVIDE (__bss_start, .)
 *(.bss)
 *(.bss*)
 .bss._ZL4comm  0x00800242       0x42 LoconetLib/commands.o
 .bss.interval_t
                0x00800284        0x1 LoconetLib/Logic.o
                0x00800284                interval_t
 .bss._ZL9cnt_timer
                0x00800285        0x1 LoconetLib/Timer.o
 .bss.LED_status_color
                0x00800286       0x24 Sketch.o
                0x00800286                LED_status_color
 .bss.LED_status
                0x008002aa        0xc Sketch.o
                0x008002aa                LED_status
 .bss.mode      0x008002b6        0x1 Sketch.o
                0x008002b6                mode
 .bss.LEDs_on_summ
                0x008002b7        0x2 Sketch.o
                0x008002b7                LEDs_on_summ
 .bss.strip     0x008002b9       0x15 Sketch.o
                0x008002b9                strip
 .bss.timer_syst
                0x008002ce        0x2 Sketch.o
                0x008002ce                timer_syst
 .bss.Serial    0x008002d0       0x9d D:\Yaroslav\Light_control_house\Loconet_328p_Light_control_house\LoconetShield\ArduinoCore\Debug\libArduinoCore.a(HardwareSerial0.o)
                0x008002d0                Serial
 .bss.timer0_fract
                0x0080036d        0x1 D:\Yaroslav\Light_control_house\Loconet_328p_Light_control_house\LoconetShield\ArduinoCore\Debug\libArduinoCore.a(wiring.o)
 .bss.timer0_millis
                0x0080036e        0x4 D:\Yaroslav\Light_control_house\Loconet_328p_Light_control_house\LoconetShield\ArduinoCore\Debug\libArduinoCore.a(wiring.o)
                0x0080036e                timer0_millis
 .bss.timer0_overflow_count
                0x00800372        0x4 D:\Yaroslav\Light_control_house\Loconet_328p_Light_control_house\LoconetShield\ArduinoCore\Debug\libArduinoCore.a(wiring.o)
                0x00800372                timer0_overflow_count
 *(COMMON)
 COMMON         0x00800376        0x4 c:/program files (x86)/atmel/studio/7.0/toolchain/avr8/avr8-gnu-toolchain/bin/../lib/gcc/avr/5.4.0/../../../../avr/lib/avr5\libc.a(malloc.o)
                0x00800376                __brkval
                0x00800378                __flp
                0x0080037a                PROVIDE (__bss_end, .)
                0x000020f4                __data_load_start = LOADADDR (.data)
                0x00002236                __data_load_end = (__data_load_start + SIZEOF (.data))

.noinit         0x0080037a        0x0
                [!provide]                PROVIDE (__noinit_start, .)
 *(.noinit*)
                [!provide]                PROVIDE (__noinit_end, .)
                0x0080037a                _end = .
                0x0080037a                PROVIDE (__heap_start, .)

.eeprom         0x00810000        0x0
 *(.eeprom*)
                0x00810000                __eeprom_end = .

.fuse
 *(.fuse)
 *(.lfuse)
 *(.hfuse)
 *(.efuse)

.lock
 *(.lock*)

.signature
 *(.signature*)

.user_signatures
 *(.user_signatures*)

.stab
 *(.stab)

.stabstr
 *(.stabstr)

.stab.excl
 *(.stab.excl)

.stab.exclstr
 *(.stab.exclstr)

.stab.index
 *(.stab.index)

.stab.indexstr
 *(.stab.indexstr)

.comment        0x00000000       0x30
 *(.comment)
 .comment       0x00000000       0x30 LoconetLib/Adafruit_NeoPixel.o
                                 0x31 (size before relaxing)
 .comment       0x00000030       0x31 LoconetLib/commands.o
 .comment       0x00000030       0x31 LoconetLib/eeprom.o
 .comment       0x00000030       0x31 LoconetLib/Logic.o
 .comment       0x00000030       0x31 LoconetLib/Timer.o
 .comment       0x00000030       0x31 Sketch.o
 .comment       0x00000030       0x31 D:\Yaroslav\Light_control_house\Loconet_328p_Light_control_house\LoconetShield\ArduinoCore\Debug\libArduinoCore.a(HardwareSerial.o)
 .comment       0x00000030       0x31 D:\Yaroslav\Light_control_house\Loconet_328p_Light_control_house\LoconetShield\ArduinoCore\Debug\libArduinoCore.a(HardwareSerial0.o)
 .comment       0x00000030       0x31 D:\Yaroslav\Light_control_house\Loconet_328p_Light_control_house\LoconetShield\ArduinoCore\Debug\libArduinoCore.a(main.o)
 .comment       0x00000030       0x31 D:\Yaroslav\Light_control_house\Loconet_328p_Light_control_house\LoconetShield\ArduinoCore\Debug\libArduinoCore.a(Print.o)
 .comment       0x00000030       0x31 D:\Yaroslav\Light_control_house\Loconet_328p_Light_control_house\LoconetShield\ArduinoCore\Debug\libArduinoCore.a(wiring.o)
 .comment       0x00000030       0x31 D:\Yaroslav\Light_control_house\Loconet_328p_Light_control_house\LoconetShield\ArduinoCore\Debug\libArduinoCore.a(wiring_digital.o)
 .comment       0x00000030       0x31 c:/program files (x86)/atmel/studio/7.0/toolchain/avr8/avr8-gnu-toolchain/bin/../lib/gcc/avr/5.4.0/../../../../avr/lib/avr5\libc.a(malloc.o)
 .comment       0x00000030       0x31 c:/program files (x86)/atmel/studio/7.0/toolchain/avr8/avr8-gnu-toolchain/bin/../lib/gcc/avr/5.4.0/../../../../avr/lib/avr5\libc.a(rand.o)

.note.gnu.avr.deviceinfo
                0x00000000       0x40
 .note.gnu.avr.deviceinfo
                0x00000000       0x40 C:/Program Files (x86)/Atmel/Studio/7.0/Packs/atmel/ATmega_DFP/1.6.364/gcc/dev/atmega328p/avr5/crtatmega328p.o

.note.gnu.build-id
 *(.note.gnu.build-id)

.debug
 *(.debug)

.line
 *(.line)

.debug_srcinfo
 *(.debug_srcinfo)

.debug_sfnames
 *(.debug_sfnames)

.debug_aranges  0x00000000      0x4b0
 *(.debug_aranges)
 .debug_aranges
                0x00000000       0xa8 LoconetLib/Adafruit_NeoPixel.o
 .debug_aranges
                0x000000a8       0x48 LoconetLib/commands.o
 .debug_aranges
                0x000000f0       0x50 LoconetLib/eeprom.o
 .debug_aranges
                0x00000140       0x60 LoconetLib/Logic.o
 .debug_aranges
                0x000001a0       0x28 LoconetLib/Timer.o
 .debug_aranges
                0x000001c8       0x40 Sketch.o
 .debug_aranges
                0x00000208       0x68 D:\Yaroslav\Light_control_house\Loconet_328p_Light_control_house\LoconetShield\ArduinoCore\Debug\libArduinoCore.a(HardwareSerial.o)
 .debug_aranges
                0x00000270       0x50 D:\Yaroslav\Light_control_house\Loconet_328p_Light_control_house\LoconetShield\ArduinoCore\Debug\libArduinoCore.a(HardwareSerial0.o)
 .debug_aranges
                0x000002c0       0x38 D:\Yaroslav\Light_control_house\Loconet_328p_Light_control_house\LoconetShield\ArduinoCore\Debug\libArduinoCore.a(main.o)
 .debug_aranges
                0x000002f8       0xf8 D:\Yaroslav\Light_control_house\Loconet_328p_Light_control_house\LoconetShield\ArduinoCore\Debug\libArduinoCore.a(Print.o)
 .debug_aranges
                0x000003f0       0x48 D:\Yaroslav\Light_control_house\Loconet_328p_Light_control_house\LoconetShield\ArduinoCore\Debug\libArduinoCore.a(wiring.o)
 .debug_aranges
                0x00000438       0x38 D:\Yaroslav\Light_control_house\Loconet_328p_Light_control_house\LoconetShield\ArduinoCore\Debug\libArduinoCore.a(wiring_digital.o)
 .debug_aranges
                0x00000470       0x20 C:/Program Files (x86)/Atmel/Studio/7.0/Packs/atmel/ATmega_DFP/1.6.364/gcc/dev/atmega328p/avr5\libatmega328p.a(eerd_byte.o)
 .debug_aranges
                0x00000490       0x20 C:/Program Files (x86)/Atmel/Studio/7.0/Packs/atmel/ATmega_DFP/1.6.364/gcc/dev/atmega328p/avr5\libatmega328p.a(eewr_byte.o)

.debug_pubnames
 *(.debug_pubnames)

.debug_info     0x00000000     0xafe5
 *(.debug_info .gnu.linkonce.wi.*)
 .debug_info    0x00000000      0x5f4 C:/Program Files (x86)/Atmel/Studio/7.0/Packs/atmel/ATmega_DFP/1.6.364/gcc/dev/atmega328p/avr5/crtatmega328p.o
 .debug_info    0x000005f4      0xe2b LoconetLib/Adafruit_NeoPixel.o
 .debug_info    0x0000141f      0xecb LoconetLib/commands.o
 .debug_info    0x000022ea      0x5db LoconetLib/eeprom.o
 .debug_info    0x000028c5      0xe52 LoconetLib/Logic.o
 .debug_info    0x00003717      0x1ef LoconetLib/Timer.o
 .debug_info    0x00003906      0x93d Sketch.o
 .debug_info    0x00004243     0x1eb2 D:\Yaroslav\Light_control_house\Loconet_328p_Light_control_house\LoconetShield\ArduinoCore\Debug\libArduinoCore.a(HardwareSerial.o)
 .debug_info    0x000060f5     0x1b26 D:\Yaroslav\Light_control_house\Loconet_328p_Light_control_house\LoconetShield\ArduinoCore\Debug\libArduinoCore.a(HardwareSerial0.o)
 .debug_info    0x00007c1b      0x246 D:\Yaroslav\Light_control_house\Loconet_328p_Light_control_house\LoconetShield\ArduinoCore\Debug\libArduinoCore.a(main.o)
 .debug_info    0x00007e61     0x27ac D:\Yaroslav\Light_control_house\Loconet_328p_Light_control_house\LoconetShield\ArduinoCore\Debug\libArduinoCore.a(Print.o)
 .debug_info    0x0000a60d      0x2c9 D:\Yaroslav\Light_control_house\Loconet_328p_Light_control_house\LoconetShield\ArduinoCore\Debug\libArduinoCore.a(wiring.o)
 .debug_info    0x0000a8d6      0x5db D:\Yaroslav\Light_control_house\Loconet_328p_Light_control_house\LoconetShield\ArduinoCore\Debug\libArduinoCore.a(wiring_digital.o)
 .debug_info    0x0000aeb1       0x9a C:/Program Files (x86)/Atmel/Studio/7.0/Packs/atmel/ATmega_DFP/1.6.364/gcc/dev/atmega328p/avr5\libatmega328p.a(eerd_byte.o)
 .debug_info    0x0000af4b       0x9a C:/Program Files (x86)/Atmel/Studio/7.0/Packs/atmel/ATmega_DFP/1.6.364/gcc/dev/atmega328p/avr5\libatmega328p.a(eewr_byte.o)

.debug_abbrev   0x00000000     0x236f
 *(.debug_abbrev)
 .debug_abbrev  0x00000000      0x5a2 C:/Program Files (x86)/Atmel/Studio/7.0/Packs/atmel/ATmega_DFP/1.6.364/gcc/dev/atmega328p/avr5/crtatmega328p.o
 .debug_abbrev  0x000005a2      0x355 LoconetLib/Adafruit_NeoPixel.o
 .debug_abbrev  0x000008f7      0x224 LoconetLib/commands.o
 .debug_abbrev  0x00000b1b      0x1b6 LoconetLib/eeprom.o
 .debug_abbrev  0x00000cd1      0x2da LoconetLib/Logic.o
 .debug_abbrev  0x00000fab      0x102 LoconetLib/Timer.o
 .debug_abbrev  0x000010ad      0x2c9 Sketch.o
 .debug_abbrev  0x00001376      0x450 D:\Yaroslav\Light_control_house\Loconet_328p_Light_control_house\LoconetShield\ArduinoCore\Debug\libArduinoCore.a(HardwareSerial.o)
 .debug_abbrev  0x000017c6      0x3cd D:\Yaroslav\Light_control_house\Loconet_328p_Light_control_house\LoconetShield\ArduinoCore\Debug\libArduinoCore.a(HardwareSerial0.o)
 .debug_abbrev  0x00001b93      0x12e D:\Yaroslav\Light_control_house\Loconet_328p_Light_control_house\LoconetShield\ArduinoCore\Debug\libArduinoCore.a(main.o)
 .debug_abbrev  0x00001cc1      0x3db D:\Yaroslav\Light_control_house\Loconet_328p_Light_control_house\LoconetShield\ArduinoCore\Debug\libArduinoCore.a(Print.o)
 .debug_abbrev  0x0000209c      0x162 D:\Yaroslav\Light_control_house\Loconet_328p_Light_control_house\LoconetShield\ArduinoCore\Debug\libArduinoCore.a(wiring.o)
 .debug_abbrev  0x000021fe      0x149 D:\Yaroslav\Light_control_house\Loconet_328p_Light_control_house\LoconetShield\ArduinoCore\Debug\libArduinoCore.a(wiring_digital.o)
 .debug_abbrev  0x00002347       0x14 C:/Program Files (x86)/Atmel/Studio/7.0/Packs/atmel/ATmega_DFP/1.6.364/gcc/dev/atmega328p/avr5\libatmega328p.a(eerd_byte.o)
 .debug_abbrev  0x0000235b       0x14 C:/Program Files (x86)/Atmel/Studio/7.0/Packs/atmel/ATmega_DFP/1.6.364/gcc/dev/atmega328p/avr5\libatmega328p.a(eewr_byte.o)

.debug_line     0x00000000     0x32ab
 *(.debug_line .debug_line.* .debug_line_end)
 .debug_line    0x00000000      0x134 C:/Program Files (x86)/Atmel/Studio/7.0/Packs/atmel/ATmega_DFP/1.6.364/gcc/dev/atmega328p/avr5/crtatmega328p.o
 .debug_line    0x00000134      0x664 LoconetLib/Adafruit_NeoPixel.o
 .debug_line    0x00000798      0x7ee LoconetLib/commands.o
 .debug_line    0x00000f86      0x32c LoconetLib/eeprom.o
 .debug_line    0x000012b2      0x4ae LoconetLib/Logic.o
 .debug_line    0x00001760      0x16d LoconetLib/Timer.o
 .debug_line    0x000018cd      0x32d Sketch.o
 .debug_line    0x00001bfa      0x572 D:\Yaroslav\Light_control_house\Loconet_328p_Light_control_house\LoconetShield\ArduinoCore\Debug\libArduinoCore.a(HardwareSerial.o)
 .debug_line    0x0000216c      0x2b1 D:\Yaroslav\Light_control_house\Loconet_328p_Light_control_house\LoconetShield\ArduinoCore\Debug\libArduinoCore.a(HardwareSerial0.o)
 .debug_line    0x0000241d      0x16f D:\Yaroslav\Light_control_house\Loconet_328p_Light_control_house\LoconetShield\ArduinoCore\Debug\libArduinoCore.a(main.o)
 .debug_line    0x0000258c      0x707 D:\Yaroslav\Light_control_house\Loconet_328p_Light_control_house\LoconetShield\ArduinoCore\Debug\libArduinoCore.a(Print.o)
 .debug_line    0x00002c93      0x2a8 D:\Yaroslav\Light_control_house\Loconet_328p_Light_control_house\LoconetShield\ArduinoCore\Debug\libArduinoCore.a(wiring.o)
 .debug_line    0x00002f3b      0x258 D:\Yaroslav\Light_control_house\Loconet_328p_Light_control_house\LoconetShield\ArduinoCore\Debug\libArduinoCore.a(wiring_digital.o)
 .debug_line    0x00003193       0x7a C:/Program Files (x86)/Atmel/Studio/7.0/Packs/atmel/ATmega_DFP/1.6.364/gcc/dev/atmega328p/avr5\libatmega328p.a(eerd_byte.o)
 .debug_line    0x0000320d       0x9e C:/Program Files (x86)/Atmel/Studio/7.0/Packs/atmel/ATmega_DFP/1.6.364/gcc/dev/atmega328p/avr5\libatmega328p.a(eewr_byte.o)

.debug_frame    0x00000000      0xd24
 *(.debug_frame)
 .debug_frame   0x00000000      0x298 LoconetLib/Adafruit_NeoPixel.o
 .debug_frame   0x00000298       0xa8 LoconetLib/commands.o
 .debug_frame   0x00000340       0xb0 LoconetLib/eeprom.o
 .debug_frame   0x000003f0      0x100 LoconetLib/Logic.o
 .debug_frame   0x000004f0       0x50 LoconetLib/Timer.o
 .debug_frame   0x00000540       0x84 Sketch.o
 .debug_frame   0x000005c4      0x108 D:\Yaroslav\Light_control_house\Loconet_328p_Light_control_house\LoconetShield\ArduinoCore\Debug\libArduinoCore.a(HardwareSerial.o)
 .debug_frame   0x000006cc       0xfc D:\Yaroslav\Light_control_house\Loconet_328p_Light_control_house\LoconetShield\ArduinoCore\Debug\libArduinoCore.a(HardwareSerial0.o)
 .debug_frame   0x000007c8       0x54 D:\Yaroslav\Light_control_house\Loconet_328p_Light_control_house\LoconetShield\ArduinoCore\Debug\libArduinoCore.a(main.o)
 .debug_frame   0x0000081c      0x3b0 D:\Yaroslav\Light_control_house\Loconet_328p_Light_control_house\LoconetShield\ArduinoCore\Debug\libArduinoCore.a(Print.o)
 .debug_frame   0x00000bcc       0xdc D:\Yaroslav\Light_control_house\Loconet_328p_Light_control_house\LoconetShield\ArduinoCore\Debug\libArduinoCore.a(wiring.o)
 .debug_frame   0x00000ca8       0x7c D:\Yaroslav\Light_control_house\Loconet_328p_Light_control_house\LoconetShield\ArduinoCore\Debug\libArduinoCore.a(wiring_digital.o)

.debug_str      0x00000000     0x28e3
 *(.debug_str)
 .debug_str     0x00000000      0x208 C:/Program Files (x86)/Atmel/Studio/7.0/Packs/atmel/ATmega_DFP/1.6.364/gcc/dev/atmega328p/avr5/crtatmega328p.o
 .debug_str     0x00000208      0x75b LoconetLib/Adafruit_NeoPixel.o
                                0x7bf (size before relaxing)
 .debug_str     0x00000963      0x263 LoconetLib/commands.o
                                0x48d (size before relaxing)
 .debug_str     0x00000bc6      0x137 LoconetLib/eeprom.o
                                0x436 (size before relaxing)
 .debug_str     0x00000cfd      0x18d LoconetLib/Logic.o
                                0x956 (size before relaxing)
 .debug_str     0x00000e8a       0x48 LoconetLib/Timer.o
                                0x2c2 (size before relaxing)
 .debug_str     0x00000ed2       0xd1 Sketch.o
                                0x856 (size before relaxing)
 .debug_str     0x00000fa3     0x12fe D:\Yaroslav\Light_control_house\Loconet_328p_Light_control_house\LoconetShield\ArduinoCore\Debug\libArduinoCore.a(HardwareSerial.o)
                               0x1634 (size before relaxing)
 .debug_str     0x000022a1       0x86 D:\Yaroslav\Light_control_house\Loconet_328p_Light_control_house\LoconetShield\ArduinoCore\Debug\libArduinoCore.a(HardwareSerial0.o)
                               0x1427 (size before relaxing)
 .debug_str     0x00002327       0x43 D:\Yaroslav\Light_control_house\Loconet_328p_Light_control_house\LoconetShield\ArduinoCore\Debug\libArduinoCore.a(main.o)
                                0x2df (size before relaxing)
 .debug_str     0x0000236a      0x353 D:\Yaroslav\Light_control_house\Loconet_328p_Light_control_house\LoconetShield\ArduinoCore\Debug\libArduinoCore.a(Print.o)
                               0x1261 (size before relaxing)
 .debug_str     0x000026bd      0x1b6 D:\Yaroslav\Light_control_house\Loconet_328p_Light_control_house\LoconetShield\ArduinoCore\Debug\libArduinoCore.a(wiring.o)
                                0x25f (size before relaxing)
 .debug_str     0x00002873       0x70 D:\Yaroslav\Light_control_house\Loconet_328p_Light_control_house\LoconetShield\ArduinoCore\Debug\libArduinoCore.a(wiring_digital.o)
                                0x2c4 (size before relaxing)

.debug_loc      0x00000000     0x44ef
 *(.debug_loc)
 .debug_loc     0x00000000      0xec9 LoconetLib/Adafruit_NeoPixel.o
 .debug_loc     0x00000ec9      0x518 LoconetLib/commands.o
 .debug_loc     0x000013e1      0x341 LoconetLib/eeprom.o
 .debug_loc     0x00001722      0x4a4 LoconetLib/Logic.o
 .debug_loc     0x00001bc6       0x56 LoconetLib/Timer.o
 .debug_loc     0x00001c1c      0x136 Sketch.o
 .debug_loc     0x00001d52      0x450 D:\Yaroslav\Light_control_house\Loconet_328p_Light_control_house\LoconetShield\ArduinoCore\Debug\libArduinoCore.a(HardwareSerial.o)
 .debug_loc     0x000021a2      0x245 D:\Yaroslav\Light_control_house\Loconet_328p_Light_control_house\LoconetShield\ArduinoCore\Debug\libArduinoCore.a(HardwareSerial0.o)
 .debug_loc     0x000023e7     0x198d D:\Yaroslav\Light_control_house\Loconet_328p_Light_control_house\LoconetShield\ArduinoCore\Debug\libArduinoCore.a(Print.o)
 .debug_loc     0x00003d74      0x23f D:\Yaroslav\Light_control_house\Loconet_328p_Light_control_house\LoconetShield\ArduinoCore\Debug\libArduinoCore.a(wiring.o)
 .debug_loc     0x00003fb3      0x53c D:\Yaroslav\Light_control_house\Loconet_328p_Light_control_house\LoconetShield\ArduinoCore\Debug\libArduinoCore.a(wiring_digital.o)

.debug_macinfo
 *(.debug_macinfo)

.debug_weaknames
 *(.debug_weaknames)

.debug_funcnames
 *(.debug_funcnames)

.debug_typenames
 *(.debug_typenames)

.debug_varnames
 *(.debug_varnames)

.debug_pubtypes
 *(.debug_pubtypes)

.debug_ranges   0x00000000      0x440
 *(.debug_ranges)
 .debug_ranges  0x00000000       0x98 LoconetLib/Adafruit_NeoPixel.o
 .debug_ranges  0x00000098       0x68 LoconetLib/commands.o
 .debug_ranges  0x00000100       0x40 LoconetLib/eeprom.o
 .debug_ranges  0x00000140       0x80 LoconetLib/Logic.o
 .debug_ranges  0x000001c0       0x18 LoconetLib/Timer.o
 .debug_ranges  0x000001d8       0x30 Sketch.o
 .debug_ranges  0x00000208       0x58 D:\Yaroslav\Light_control_house\Loconet_328p_Light_control_house\LoconetShield\ArduinoCore\Debug\libArduinoCore.a(HardwareSerial.o)
 .debug_ranges  0x00000260       0x40 D:\Yaroslav\Light_control_house\Loconet_328p_Light_control_house\LoconetShield\ArduinoCore\Debug\libArduinoCore.a(HardwareSerial0.o)
 .debug_ranges  0x000002a0       0x28 D:\Yaroslav\Light_control_house\Loconet_328p_Light_control_house\LoconetShield\ArduinoCore\Debug\libArduinoCore.a(main.o)
 .debug_ranges  0x000002c8      0x118 D:\Yaroslav\Light_control_house\Loconet_328p_Light_control_house\LoconetShield\ArduinoCore\Debug\libArduinoCore.a(Print.o)
 .debug_ranges  0x000003e0       0x38 D:\Yaroslav\Light_control_house\Loconet_328p_Light_control_house\LoconetShield\ArduinoCore\Debug\libArduinoCore.a(wiring.o)
 .debug_ranges  0x00000418       0x28 D:\Yaroslav\Light_control_house\Loconet_328p_Light_control_house\LoconetShield\ArduinoCore\Debug\libArduinoCore.a(wiring_digital.o)

.debug_macro
 *(.debug_macro)
OUTPUT(Server.elf elf32-avr)
LOAD linker stubs
